2026-10-03T05:28:52+0700 pid=1341217 session=ses_f014485e7ffeRpXBvzSbw4njPA tools=8 dropped final text (8 chars): 'NO_REPLY'
2026-10-03T05:31:53+0700 pid=1341713 session=ses_f0143ef3cffec4GnU6M5dU98lq tools=21 dropped final text (132 chars): "Plan and probes committed at `571e123`. Per the brief, I send no message about the plan; the Coder's HANDOFF will wake me.\n\nNO_REPLY"
2026-10-03T05:31:53+0700 pid=1341713 session=ses_f0143ef3cffec4GnU6M5dU98lq continuation 1/2: turn ended with prose
2026-10-03T05:31:54+0700 pid=1341713 session=ses_f0143ef3cffec4GnU6M5dU98lq tools=0 dropped final text (8 chars): 'NO_REPLY'
2026-10-03T05:41:20+0700 pid=1341576 session=ses_f014409e0ffe2ew7RexbTzlY0G tools=225 dropped final text (10 chars): '`NO_REPLY`'
2026-10-03T05:41:23+0700 pid=1341576 session=ses_f014409e0ffe2ew7RexbTzlY0G tools=0 dropped final text (8 chars): 'NO_REPLY'
2026-10-03T05:46:52+0700 pid=1341217 session=ses_f014485e7ffeRpXBvzSbw4njPA tools=1 dropped final text (8 chars): 'NO_REPLY'
2026-10-03T05:46:53+0700 pid=1341713 session=ses_f0143ef3cffec4GnU6M5dU98lq tools=35 dropped final text (562 chars): 'Review complete. **VERDICT: REJECT** at `d76146c22b3b9c40e9e21a8e2a2d0b19822830ae`.\n\n- Gate: PASS (build + clean no-network container healthy in 2s)\n- Official '
2026-10-03T05:46:53+0700 pid=1341713 session=ses_f0143ef3cffec4GnU6M5dU98lq continuation 1/2: turn ended with prose
2026-10-03T05:46:55+0700 pid=1341713 session=ses_f0143ef3cffec4GnU6M5dU98lq tools=0 dropped final text (8 chars): 'NO_REPLY'
2026-10-03T05:57:51+0700 pid=1341576 session=ses_f014409e0ffe2ew7RexbTzlY0G tools=96 dropped final text (731 chars): 'Re-HANDOFF sent as message `69100c06-1de4-458c-8d5b-a54a7f1712c5` against revision `883364b`:\n- **Finding 1 fixed**: `check_id` / `check_reference` now split mi'
2026-10-03T05:57:51+0700 pid=1341576 session=ses_f014409e0ffe2ew7RexbTzlY0G continuation 1/2: turn ended with prose
2026-10-03T05:57:53+0700 pid=1341576 session=ses_f014409e0ffe2ew7RexbTzlY0G tools=0 dropped final text (8 chars): 'NO_REPLY'
2026-10-03T06:00:10+0700 pid=1341576 session=ses_f014409e0ffe2ew7RexbTzlY0G tools=0 dropped final text (172 chars): 'The reviewer has accepted stage-1 at revision 883364bfbd4fa0878678de31984748acfa8afa8c. The architect is now staged at that revision. The work is complete and a'
2026-10-03T06:00:10+0700 pid=1341576 session=ses_f014409e0ffe2ew7RexbTzlY0G continuation 1/2: turn ended with prose
2026-10-03T06:00:11+0700 pid=1341576 session=ses_f014409e0ffe2ew7RexbTzlY0G tools=0 dropped final text (8 chars): 'NO_REPLY'
2026-10-03T06:00:15+0700 pid=1341217 session=ses_f014485e7ffeRpXBvzSbw4njPA tools=5 dropped final text (8 chars): 'NO_REPLY'
2026-10-03T06:00:20+0700 pid=1341713 session=ses_f0143ef3cffec4GnU6M5dU98lq tools=20 dropped final text (387 chars): 'Sent id `39ef56d7-e15d-4fca-8d43-bf1b193db2df`.\n\nRe-review of `883364b` complete: **ACCEPT**. Both prior findings independently verified fixed (wrong-type → 400'
2026-10-03T06:00:20+0700 pid=1341713 session=ses_f0143ef3cffec4GnU6M5dU98lq continuation 1/2: turn ended with prose
2026-10-03T06:00:21+0700 pid=1341713 session=ses_f0143ef3cffec4GnU6M5dU98lq tools=0 dropped final text (8 chars): 'NO_REPLY'
2026-10-03T06:01:31+0700 pid=1341217 session=ses_f014485e7ffeRpXBvzSbw4njPA tools=6 dropped final text (8 chars): 'NO_REPLY'
2026-10-03T06:02:42+0700 pid=1341713 session=ses_f0143ef3cffec4GnU6M5dU98lq tools=25 dropped final text (553 chars): 'Stage-2 review artifacts are ready and committed (`7dd7f00`):\n\n- `reviews/stage-2/plan.md` — verification method + requirement→probe map\n- `reviews/stage-2/prob'
2026-10-03T06:02:42+0700 pid=1341713 session=ses_f0143ef3cffec4GnU6M5dU98lq continuation 1/2: turn ended with prose
2026-10-03T06:02:45+0700 pid=1341713 session=ses_f0143ef3cffec4GnU6M5dU98lq tools=1 dropped final text (130 chars): 'No HANDOFF message has been delivered to my seat. Nothing to act on — no gate should run against an unreported revision.\n\nNO_REPLY'
2026-10-03T06:02:45+0700 pid=1341713 session=ses_f0143ef3cffec4GnU6M5dU98lq continuation 2/2: turn ended with prose
2026-10-03T06:02:46+0700 pid=1341713 session=ses_f0143ef3cffec4GnU6M5dU98lq tools=0 dropped final text (8 chars): 'NO_REPLY'
2026-10-03T06:26:25+0700 pid=1341576 session=ses_f014409e0ffe2ew7RexbTzlY0G tools=134 dropped final text (285 chars): 'Stage 2 implementation committed (db86eb1), HANDOFF sent to reviewer.\n\nSummary:\n- Fixed JS docstring that was breaking `app.js` (Python triple-quotes at top).\n-'
2026-10-03T06:26:25+0700 pid=1341576 session=ses_f014409e0ffe2ew7RexbTzlY0G continuation 1/2: turn ended with prose
2026-10-03T06:26:28+0700 pid=1341576 session=ses_f014409e0ffe2ew7RexbTzlY0G tools=0 dropped final text (114 chars): 'Handoff was already sent (jam message `c33a27bd-ddd3-4e5e-aa76-8b9fb4db012c`). Nothing further required.\n\nNO_REPLY'
2026-10-03T06:26:28+0700 pid=1341576 session=ses_f014409e0ffe2ew7RexbTzlY0G continuation 2/2: turn ended with prose
2026-10-03T06:26:30+0700 pid=1341576 session=ses_f014409e0ffe2ew7RexbTzlY0G tools=0 dropped final text (8 chars): 'NO_REPLY'
2026-10-03T06:37:30+0700 pid=1341217 session=ses_f014485e7ffeRpXBvzSbw4njPA tools=2 dropped final text (8 chars): 'NO_REPLY'
2026-10-03T06:38:23+0700 pid=1341217 session=ses_f014485e7ffeRpXBvzSbw4njPA tools=0 dropped final text (8 chars): 'NO_REPLY'
2026-10-03T06:38:24+0700 pid=1341713 session=ses_f0143ef3cffec4GnU6M5dU98lq tools=13 dropped final text (441 chars): 'Replied to the Architect, id `c266b729-1124-40c1-8617-861bf8af79a6`.\n\nE13 applied: the API probe now asserts the mandated check order. Against `db86eb1`, the un'
2026-10-03T06:38:24+0700 pid=1341713 session=ses_f0143ef3cffec4GnU6M5dU98lq continuation 1/2: turn ended with prose
2026-10-03T06:38:25+0700 pid=1341713 session=ses_f0143ef3cffec4GnU6M5dU98lq tools=0 dropped final text (8 chars): 'NO_REPLY'
2026-10-03T07:06:44+0700 pid=1341576 session=ses_f014409e0ffe2ew7RexbTzlY0G tools=287 dropped final text (64 chars): 'Stage-2: 25/25 passing, claimed stage 2. Handoff sent.\n\nNO_REPLY'
2026-10-03T07:06:44+0700 pid=1341576 session=ses_f014409e0ffe2ew7RexbTzlY0G continuation 1/2: turn ended with prose
2026-10-03T07:06:53+0700 pid=1341576 session=ses_f014409e0ffe2ew7RexbTzlY0G tools=5 dropped final text (225 chars): 'Handoff was sent successfully (id `fe3afff3-8395-4bcf-b3ec-61e3d29eb7cc`); reviewer has already received it and started review at commit `4217699`. Harness repo'
2026-10-03T07:06:53+0700 pid=1341576 session=ses_f014409e0ffe2ew7RexbTzlY0G continuation 2/2: turn ended with prose
2026-10-03T07:06:55+0700 pid=1341576 session=ses_f014409e0ffe2ew7RexbTzlY0G tools=0 dropped final text (8 chars): 'NO_REPLY'
2026-10-03T07:06:58+0700 pid=1341576 session=ses_f014409e0ffe2ew7RexbTzlY0G tools=0 dropped final text (8 chars): 'NO_REPLY'
2026-10-03T07:06:59+0700 pid=1341576 session=ses_f014409e0ffe2ew7RexbTzlY0G tools=0 dropped final text (8 chars): 'NO_REPLY'
2026-10-03T07:07:01+0700 pid=1341576 session=ses_f014409e0ffe2ew7RexbTzlY0G tools=0 dropped final text (8 chars): 'NO_REPLY'
2026-10-03T07:09:15+0700 pid=1341713 session=ses_f0143ef3cffec4GnU6M5dU98lq tools=24 dropped final text (614 chars): 'Review complete and VERDICT sent (id `a8b33d05-d7f3-4b4a-8bea-d32e62dfb9cf`).\n\n**REJECT `4217699`** — two new blocking defects:\n- **F6**: `confirmation-tables` '
2026-10-03T07:09:15+0700 pid=1341713 session=ses_f0143ef3cffec4GnU6M5dU98lq continuation 1/2: turn ended with prose
2026-10-03T07:09:16+0700 pid=1341217 session=ses_f014485e7ffeRpXBvzSbw4njPA tools=1 dropped final text (8 chars): 'NO_REPLY'
2026-10-03T07:09:17+0700 pid=1341713 session=ses_f0143ef3cffec4GnU6M5dU98lq tools=0 dropped final text (8 chars): 'NO_REPLY'
2026-10-03T08:57:50+0700 pid=1341576 session=ses_f014409e0ffe2ew7RexbTzlY0G tools=183 dropped final text (8 chars): 'NO_REPLY'
2026-10-03T09:00:29+0700 pid=1341713 session=ses_f0143ef3cffec4GnU6M5dU98lq tools=19 dropped final text (699 chars): 'Review complete; VERDICT ACCEPT sent (id `faf92b7b-9175-4ff0-95da-eb63bafa2936`).\n\n**ACCEPT `52f7051`** — clean-container gate passed, official `--mode isolated'
2026-10-03T09:00:29+0700 pid=1341713 session=ses_f0143ef3cffec4GnU6M5dU98lq continuation 1/2: turn ended with prose
2026-10-03T09:00:30+0700 pid=1341576 session=ses_f014409e0ffe2ew7RexbTzlY0G tools=0 dropped final text (8 chars): 'NO_REPLY'
2026-10-03T09:00:31+0700 pid=1341713 session=ses_f0143ef3cffec4GnU6M5dU98lq tools=0 dropped final text (8 chars): 'NO_REPLY'
2026-10-03T09:00:38+0700 pid=1341217 session=ses_f014485e7ffeRpXBvzSbw4njPA tools=4 dropped final text (8 chars): 'NO_REPLY'
2026-10-03T09:02:37+0700 pid=1341217 session=ses_f014485e7ffeRpXBvzSbw4njPA tools=5 dropped final text (8 chars): 'NO_REPLY'
2026-10-03T09:03:46+0700 pid=1341217 session=ses_f014485e7ffeRpXBvzSbw4njPA tools=0 dropped final text (8 chars): 'NO_REPLY'
2026-10-03T09:03:49+0700 pid=1341713 session=ses_f0143ef3cffec4GnU6M5dU98lq tools=24 dropped final text (907 chars): 'Stage-3 review designed in parallel and committed (`345aa68`); status sent (id `f45e200e-5010-4e84-83fe-aa7c73fda6da`).\n\nDelivered:\n- `reviews/stage-3/plan.md` '
2026-10-03T09:03:49+0700 pid=1341713 session=ses_f0143ef3cffec4GnU6M5dU98lq continuation 1/2: turn ended with prose
2026-10-03T09:03:51+0700 pid=1341713 session=ses_f0143ef3cffec4GnU6M5dU98lq tools=0 dropped final text (8 chars): 'NO_REPLY'
2026-10-03T09:21:45+0700 pid=1341217 session=ses_f014485e7ffeRpXBvzSbw4njPA tools=0 dropped final text (8 chars): 'NO_REPLY'
2026-10-03T09:21:46+0700 pid=1341576 session=ses_f014409e0ffe2ew7RexbTzlY0G tools=130 dropped final text (475 chars): 'Stage-3 is complete and ready for review.\n\n- **Commit:** `3c48f77` on `main` of `/workspace/band-work/final-result`\n- **Harness:** stage 1 (120/120), stage 2 (2'
2026-10-03T09:21:46+0700 pid=1341576 session=ses_f014409e0ffe2ew7RexbTzlY0G continuation 1/2: turn ended with prose
2026-10-03T09:21:51+0700 pid=1341576 session=ses_f014409e0ffe2ew7RexbTzlY0G tools=1 dropped final text (8 chars): 'NO_REPLY'
2026-10-03T09:22:01+0700 pid=1341576 session=ses_f014409e0ffe2ew7RexbTzlY0G tools=2 dropped final text (416 chars): 'Stage-1/2 exports already synthesize `revision=1` + `policy-0` accepted_terms (verified above: imported reservation shows `revision=1, accepted_terms.policy_ver'
2026-10-03T09:22:01+0700 pid=1341576 session=ses_f014409e0ffe2ew7RexbTzlY0G continuation 1/2: turn ended with prose
2026-10-03T09:22:04+0700 pid=1341576 session=ses_f014409e0ffe2ew7RexbTzlY0G tools=0 dropped final text (8 chars): 'NO_REPLY'
2026-10-03T09:24:36+0700 pid=1341713 session=ses_f0143ef3cffec4GnU6M5dU98lq tools=7 dropped final text (0 chars): ''
